#-----------------------------------------------------------
# Vivado v2015.4 (64-bit)
# SW Build 1412921 on Wed Nov 18 09:44:32 MST 2015
# IP Build 1412160 on Tue Nov 17 13:47:24 MST 2015
# Start of session at: Sat Apr 27 22:42:15 2019
# Process ID: 80907
# Current directory: /home/wenshuran/test_vdma/src
# Command line: vivado
# Log file: /home/wenshuran/test_vdma/src/vivado.log
# Journal file: /home/wenshuran/test_vdma/src/vivado.jou
#-----------------------------------------------------------
start_gui
open_project /home/wenshuran/Desktop/ov7670_VDMA_VGA-master/ov7670_vga/ov7670_vga.xpr
open_hw
connect_hw_server
open_hw_target
set_property PROGRAM.FILE {/home/wenshuran/Desktop/ov7670_VDMA_VGA-master/ov7670_vga/ov7670_vga.runs/impl_1/test.bit} [lindex [get_hw_devices] 1]
set_property PROBES.FILE {/home/wenshuran/Desktop/ov7670_VDMA_VGA-master/ov7670_vga/ov7670_vga.runs/impl_1/debug_nets.ltx} [lindex [get_hw_devices] 1]
current_hw_device [lindex [get_hw_devices] 1]
refresh_hw_device [lindex [get_hw_devices] 1]
set_property PROBES.FILE {/home/wenshuran/Desktop/ov7670_VDMA_VGA-master/ov7670_vga/ov7670_vga.runs/impl_1/debug_nets.ltx} [lindex [get_hw_devices] 1]
set_property PROGRAM.FILE {/home/wenshuran/Desktop/ov7670_VDMA_VGA-master/ov7670_vga/ov7670_vga.runs/impl_1/test.bit} [lindex [get_hw_devices] 1]
program_hw_devices [lindex [get_hw_devices] 1]
refresh_hw_device [lindex [get_hw_devices] 1]
display_hw_ila_data [ get_hw_ila_data hw_ila_data_1 -of_objects [get_hw_ilas -of_objects [get_hw_devices xc7z020_1] -filter {CELL_NAME=~"system_i/ila_0"}]]
